Found files with textual diffs.

Summary:
(Note: Lower is better)

Total bytes of diff: -26
    diff is an improvement.

Top file improvements by size (bytes):
         -26 : test3.dasm

1 total files with size differences.

Top method regessions by size (bytes):
           6 : test3.dasm - System.ArraySegment`1[__Canon][System.__Canon]:System.Collections.Generic.IReadOnlyList<T>.get_Item(int):ref:this
           2 : test2.dasm - DomainNeutralILStubClass:IL_STUB_ReversePInvoke(long,int,ubyte,long,long,long,long)

Top method improvements by size (bytes):
         -18 : test3.dasm - DomainNeutralILStubClass:IL_STUB_PInvoke(int):int
          -6 : test3.dasm - DomainNeutralILStubClass:IL_STUB_PInvoke(ref,ref):bool
          -3 : test3.dasm - Microsoft.Win32.SafeHandles.SafeFileHandle:.ctor():this
          -2 : test3.dasm - Microsoft.Win32.SafeHandles.SafeHandleZeroOrMinusOneIsInvalid:get_IsInvalid():bool:this
          -2 : test3.dasm - DomainNeutralILStubClass:IL_STUB_PInvoke(long,int,long,long):int

9 total methods with size differences.
